<?xml version="1.0" encoding="UTF-8"?>
<testsuites name="jest tests" tests="1" failures="1" errors="0" time="2.588">
  <testsuite name="undefined" errors="0" failures="1" skipped="0" timestamp="2022-09-22T14:01:55" time="1.834" tests="1">
    <testcase classname=" renders correctly" name=" renders correctly" time="0.616">
      <failure>Error: expect(received).toBe(expected) // Object.is equality

Expected: 2
Received: 3
    at Object.&lt;anonymous&gt; (/Users/jeroencrevits/Documents/GIT/mobile-ci_cd/__tests__/App-test.js:14:13)
    at Object.asyncJestTest (/Users/jeroencrevits/Documents/GIT/mobile-ci_cd/node_modules/jest-jasmine2/build/jasmineAsyncInstall.js:106:37)
    at /Users/jeroencrevits/Documents/GIT/mobile-ci_cd/node_modules/jest-jasmine2/build/queueRunner.js:45:12
    at new Promise (&lt;anonymous&gt;)
    at mapper (/Users/jeroencrevits/Documents/GIT/mobile-ci_cd/node_modules/jest-jasmine2/build/queueRunner.js:28:19)
    at /Users/jeroencrevits/Documents/GIT/mobile-ci_cd/node_modules/jest-jasmine2/build/queueRunner.js:75:41
    at processTicksAndRejections (node:internal/process/task_queues:95:5)</failure>
    </testcase>
  </testsuite>
</testsuites>